=== Safe clean ===
==> Pruning dangling Docker images...
Deleted Images:
deleted: sha256:4439c0fe3eaefefa4247dcf14459abcd7d8a1deacea0142df2d2c6809aac1682
deleted: sha256:5b9e2edc8cb1832560d0b18e160006fea095c5d34dbfdd2885bad8c67e8c9fc6
deleted: sha256:bfda2ce52da7776562828232eaee09f11824b879097f2b87fd87ae7edbfa1b75
deleted: sha256:9cc9ba7af82de165e11f3faf74aee982b793bd7a56e040542509340449397adf
deleted: sha256:023cf8fb40267a8dbdf83c0b4eb0d0e37a7ebe98d24738cb1709bb21b9284a05
deleted: sha256:23771ea7d242584beb8f95b0283465aea0e99797612e061e1431c829bb9898aa
deleted: sha256:4516559ae801669c23c6f0334e6de0d5aad271c677f9dfad5e86db600950e86f
deleted: sha256:245c1711aa089a562820a6d13f09399334fcadf29c2971efb6a58b02e1e0a32e
deleted: sha256:773de91ae2f8e0cce69d24636fb5d0f4d0b61d90b70c2d10dfe09e1a53468791
deleted: sha256:828e631d110f6e3ee7afc92aa21a3928fc85483a8077cb94eba0bceb90c85741
deleted: sha256:4a95c7f89646a479fd84de45f3565320ee22b35124fe3d405ae4723cb55148b7
deleted: sha256:32218644739823f0afd9032dad28d171c9a0ecb90499a14bc6824154ac22adcb
deleted: sha256:df90867712a9be0c7d1c5485341cad6b340c16eef39a4b548ca1549fbda53663
deleted: sha256:6af7258e6e04220e870939e21052a9a921cb3c525692005b274a09714d09f840
deleted: sha256:9b364fc915dc1a97d9a25477423b0850810ec90122d204cd7b36b49a2d661950
deleted: sha256:ba1fb66b10649cabf4f70635545a43b160134e894c33cc564e1ce7b8668316d4
deleted: sha256:8fba03783d07321daeb299ee135322cd44e58ff28876f05de5b3e11bc44d36c0
deleted: sha256:393fa22d77a41489ea3273ea35b4176ee9ebabfc6adf8d17d2fdb42a0ae3be66
deleted: sha256:8dbd62aca86fe5d5b839eba3e71e296da8087cacaf79281479da1ab0d627a443
deleted: sha256:6794396c47f356761f4ac194d62e2f49d2f0b5ed41fd2e5e15f97cc6e30f8d99
deleted: sha256:d11217d49346cb1f8770aa24cb5b69102854ebd57834937b4fc001b0e0076bf6
deleted: sha256:83fd9986b628ebc9633331b015a1692d0f288355327699770c6e0d924b2a163f
deleted: sha256:93681b7428a39214476db78987b9d3835f8bc05069f5cd66f24ec9f71e57c383
deleted: sha256:e49955468e4d94b3a73da900479b0ee8e2ec7655a6ad8ec9307455eea7540163
deleted: sha256:a41f8a416a6dfdcb58e6ecb6fd8267d673624c36deaa314ac9d0cafe45a9a8f5
deleted: sha256:1b37cc324396ca66908511edb6253608796805480377343308f9ca34b26fe1b3
deleted: sha256:cb34673de4548434c1fdcae94b47eac0424cf042e6cd2b720f74ef9f3e7f061d
deleted: sha256:14ffc8b93ca503597351e5f195fbad0d97ddb22a56e9a37811d3d3edd9f206f2
deleted: sha256:bc5740dfc822ee9c48b093de24c080c27fc829c70a3240f0521d953436694858
deleted: sha256:4dab71f9491f0d0b2f94b9ecb75ea56ca2132dc49d88603f2b09d23e8d050120
deleted: sha256:6806e0f4cb3594680d705437c794cda777de30509d60a5466ce8f1a950fd344e
deleted: sha256:00939da7d3b7aaf1db1416c4c0cc50d51c8617885ae49d3d0a87d4a3c72b1184
deleted: sha256:e3cd6cb88650804f94a1fac1be22a361834f53ba519135c3068935e205250d5e
deleted: sha256:a98ea976ad189ba8e8b6fd54c9478a91e945b6c30584ef9815338355b457de14
deleted: sha256:e87f9a409e2754a60029d0f14216cc7f0469c58c9dfebb828669ddc4274508d3

Total reclaimed space: 3.494GB
==> Pruning unused Docker build cache...
DEPRECATED: The legacy builder is deprecated and will be removed in a future release.
            Install the buildx component to build images with BuildKit:
            https://docs.docker.com/go/buildx/

Deleted build cache objects:
nx0t2rskz914freevjeikk2et
4s8juqfeceddc4riywpan88nx
z30avemxd2znaxy409nlf0su8
alkzmzecjbxajkbqi6wz267gy
lqpbpqie00cgwh915hxgzfnt5
aakdgep1x30kfp6j9fpzk1wja
9gfhc69un1w66l4amzg05kp8h
yvmntkqlpd07fosvthq9sbb82
mki2h9pseoissabyu19cudgww
4zphvlgmcwxxvkkphoqojeo3u
f5ass6csspe602bjuepan03ak
x2ltwyfby9711w03yhyy930b7
4lbh063ax68v4q7y1l9yeixw9
ong4vi57ffqwhip703szesr4f
1arl0rkmt22zso4zdlf0jidfh
yr60qgf4kv36ru2kfnbq0maz9
qlt1ggiu1orz8ygnsnvusislm
spunqxzhlq83nv0px74u9tp61
xvuo44s2d156frzd2owb41gzw
k3tffwee33tvexu2gsh7iubnz
nr53xt52o94cyp0nkeazw5zar
qefda8vfd10gu2deqi5li743i
elgpzc75muuv0gjqs6x84t92v
ndvyxemfdvty62u31l84bt28e
xctsh9sf5a6oohjdrwhtsgk4j
uyubtx9zuhum2vxpvqx3hduq5
teb48j83aq1fu3jfiwwcq38yg
m298dpxm74x4mykj761ssi14a
saxmocd47fp0840u008bnpni9
1wwurhcarq84tosowy9f5z2zo
so18lq861zl9u59ys8gc6r9g6
rur3p6gp38w0plrke4kme8gzl
pt5y4zf3wbl6yks4c7zocyh0t
y8oodkx2fzptn9qswsnlszniz
nnslqsikk3ws4p4zvyeggh6zy
2ds4dsgzpayghcz7kpgdidv9h
tw7xk3q71d130d37nmisbo6is
lasnxq27ssdooxcmpx7hu8ty9
q18gl6pokqwpgp5u95oda1202
53eng3bswtp6aol5m57b41hdz
odrxiqlxiody6jkgpd8dklqd2
us6y2jp6cbzitdcj7bw96gynd
hxbj6f8rfrvjiwc57iy65toij
xfjao792lqity58bekbk71k9w
o42orqk8mm7trn3ugr9hsp8vs
qmkk9k8dwogqwe2grk5johhlf
4xlpovgpfzomvhptbdngu0fnu
w9ey5f6ra5at130ar1wpbecdu
linqjjbo88m28y7walhplu74f
nmmgiw1bneh5vq7rg1gejq10m
vnzbb16o018xetvshiulcousn
zr6sfpp0xdbiu8u71kgycu54t
0diu96oa8ld4zykxgy9wnibdu
u0mu8t577bhc1pxdwec9uifb4
48zf4m7ckl757802jvwx82okm
1kegn333vqu9sa8eewvn2m3ju
8dftavpv26xvbc87ac5jn5zyy
aow4pxmi1fynoemz5nta9sgji
ka6uj2ol03lwhihyiclpcgaec
n6o4ceafpue9karv3w6yya07b
vnmm7iftydg142wv3xhhvut44
0rnrueivlotled6cyv947gnc0
31eg7pyfiiidkv7bjqnzcebsn
e07h8w5ojmw8tdvjw4yzgxpob
6tcexxjeikgfk3q1xard4qnss
x1gg2vmulpvulasp4nl0abr4m
ofbihoipyld4fixy594dnekd9
vnsj2s7izp1ctyo71nxsbcvz6
itpaeswmkdv9rkptqacej1xsn
xqiwm7x9n87w1jg5rg8q5knzo
j1i8lt63kz3pzgaqtdjmfddm3
l0xa0a9xydh710xebukelv9j7
df79yy9cj24vh059dg8bzhrsp
ygvz9i83a1mz2nyt8h7cepz66
z4a61gfw7iv9s35wwckx4b3oz
w0d27dvdpxxn3dflpcl0rcuy8
94ueuj4d421tp0r5vw9whq0ai

Total reclaimed space: 2.244GB
==> Vacuuming systemd journal to 100M...
./deploy: line 719: journalctl: command not found
Skipped: no permission to vacuum the journal as this user.
Safe clean complete.
DEPLOY_EXIT=0
